Welcome to the MySQL monitor.  Commands end with ; or \g.
Your MySQL connection id is 8
Server version: 8.0.30 MySQL Community Server - GPL

Copyright (c) 2000, 2022, Oracle and/or its affiliates.

Oracle is a registered trademark of Oracle Corporation and/or its
affiliates. Other names may be trademarks of their respective
owners.

Type 'help;' or '\h' for help. Type '\c' to clear the current input statement.

mysql> create database Bookdb
    -> CREATE DATABASE Bookdb;
ERROR 1064 (42000): You have an error in your SQL syntax; check the manual that corresponds to your MySQL server version for the right syntax to use near 'CREATE DATABASE Bookdb' at line 2
mysql> CREATE DATABASE Bookdb;
Query OK, 1 row affected (0.04 sec)

mysql> CREATE TABLE Books(ISBN char(20),Title char(50),AuthorID integer,Price float);
ERROR 1046 (3D000): No database selected
mysql> use Bookdb;
Database changed
mysql> CREATE TABLE Books(ISBN char(20),Title char(50),AuthorID integer,Price float);
Query OK, 0 rows affected (0.54 sec)

mysql> CREATE TABLE IF NOT EXISTS newauthor(aut_id varchar(8) NOT NULL,aut_name varchar(50) NOT NULL,country varchar(25) NOT NULL,home_city varchar(25) NOT NULL);
Query OK, 0 rows affected (0.23 sec)

mysql> CREATE TABLE IF NOT EXISTS newauthor(aut_id varchar(8) NOT NULL,aut_name varchar(50) NOT NULL,country varchar(25) NOT NULL,home_city varchar(25) NOT NULL, UNIQUE (aut_id));
Query OK, 0 rows affected, 1 warning (0.04 sec)

mysql> describe newauthor;
+-----------+-------------+------+-----+---------+-------+
| Field     | Type        | Null | Key | Default | Extra |
+-----------+-------------+------+-----+---------+-------+
| aut_id    | varchar(8)  | NO   |     | NULL    |       |
| aut_name  | varchar(50) | NO   |     | NULL    |       |
| country   | varchar(25) | NO   |     | NULL    |       |
| home_city | varchar(25) | NO   |     | NULL    |       |
+-----------+-------------+------+-----+---------+-------+
4 rows in set (0.09 sec)

mysql> CREATE TABLE IF NOT EXISTS newauthor(aut_id varchar(8) NOT NULL,aut_name varchar(50) NOT NULL,country varchar(25) NOT NULL,home_city varchar(25) NOT NULL,PRIMARY KEY (aut_id));
Query OK, 0 rows affected, 1 warning (1.18 sec)

mysql> CREATE TABLE IF NOT EXISTS newauthor(aut_id varchar(8) NOT NULL,aut_name varchar(50) NOT NULL,country varchar(25) NOT NULL,home_city varchar(25) NOT NULL,PRIMARY KEY (aut_id, home_city));
Query OK, 0 rows affected, 1 warning (7.75 sec)

mysql> CREATE TABLE IF NOT EXISTS newauthor(aut_id varchar(8) NOT NULL PRIMARY KEY,aut_name varchar(50) NOT NULL,country varchar(25) NOT NULL,home_city varchar(25) NOT NULL UNIQUE);
Query OK, 0 rows affected, 1 warning (0.04 sec)

mysql> CREATE TABLE IF NOT EXISTS newbook_mast(book_id varchar(15) NOT NULL UNIQUE,book_name varchar(50),isbn_no varchar(15) NOT NULL UNIQUE,cate_id varchar(8),aut_id varchar(8),pub_id varchar(8),dt_of_pub date,pub_lang varchar(15),no_page decimal(5,0),CHECK(no_page>0),book_price decimal(8,2),PRIMARY KEY (book_id);
ERROR 1064 (42000): You have an error in your SQL syntax; check the manual that corresponds to your MySQL server version for the right syntax to use near '' at line 1
mysql> CREATE TABLE IF NOT EXISTS newbook_mast(book_id varchar(15) NOT NULL UNIQUE,book_name varchar(50),isbn_no varchar(15) NOT NULL UNIQUE,cate_id varchar(8),aut_id varchar(8),pub_id varchar(8),dt_of_pub date,pub_lang varchar(15),no_page decimal(5,0),CHECK(no_page>0),book_price decimal(8,2),PRIMARY KEY (book_id));
Query OK, 0 rows affected (0.15 sec)

mysql> describe newbook_mast;
+------------+--------------+------+-----+---------+-------+
| Field      | Type         | Null | Key | Default | Extra |
+------------+--------------+------+-----+---------+-------+
| book_id    | varchar(15)  | NO   | PRI | NULL    |       |
| book_name  | varchar(50)  | YES  |     | NULL    |       |
| isbn_no    | varchar(15)  | NO   | UNI | NULL    |       |
| cate_id    | varchar(8)   | YES  |     | NULL    |       |
| aut_id     | varchar(8)   | YES  |     | NULL    |       |
| pub_id     | varchar(8)   | YES  |     | NULL    |       |
| dt_of_pub  | date         | YES  |     | NULL    |       |
| pub_lang   | varchar(15)  | YES  |     | NULL    |       |
| no_page    | decimal(5,0) | YES  |     | NULL    |       |
| book_price | decimal(8,2) | YES  |     | NULL    |       |
+------------+--------------+------+-----+---------+-------+
10 rows in set (0.00 sec)

mysql> CREATE TABLE IF NOT EXISTS newpublisher(pub_id varchar(8) NOT NULL UNIQUE DEFAULT ",pub_name varchar(50) NOT NULL DEFAULT ",pub_city varchar(25) NOT NULL DEFAULT ",country varchar(25) NOT NULL DEFAULT 'India',country_office varchar(25),no_of_branch int(3),estd date,CHECK ((country='India' AND pub_city='Mumbai'),PRIMARY KEY (PUB_ID));